d:\overcooked2\overcooked2\client\default\x64\debug\client.pch
d:\overcooked2\overcooked2\client\default\x64\debug\vc143.pdb
d:\overcooked2\overcooked2\client\default\x64\debug\vc143.idb
d:\overcooked2\overcooked2\client\default\x64\debug\stdafx.obj
d:\overcooked2\overcooked2\client\default\x64\debug\my_instance.obj
d:\overcooked2\overcooked2\client\default\x64\debug\instance_hit_star.obj
d:\overcooked2\overcooked2\client\default\x64\debug\instance_dash_puff.obj
d:\overcooked2\overcooked2\client\default\x64\debug\instance_blood.obj
d:\overcooked2\overcooked2\client\default\x64\debug\ingredient_crate.obj
d:\overcooked2\overcooked2\client\default\x64\debug\ingredient.obj
d:\overcooked2\overcooked2\client\default\x64\debug\empty_collider.obj
d:\overcooked2\overcooked2\client\default\x64\debug\editor.obj
d:\overcooked2\overcooked2\client\default\x64\debug\dispenser.obj
d:\overcooked2\overcooked2\client\default\x64\debug\dirty_plate.obj
d:\overcooked2\overcooked2\client\default\x64\debug\data_storage.obj
d:\overcooked2\overcooked2\client\default\x64\debug\cooker.obj
d:\overcooked2\overcooked2\client\default\x64\debug\conveyor.obj
d:\overcooked2\overcooked2\client\default\x64\debug\character.obj
d:\overcooked2\overcooked2\client\default\x64\debug\camera_ui.obj
d:\overcooked2\overcooked2\client\default\x64\debug\camera_free.obj
d:\overcooked2\overcooked2\client\default\x64\debug\blueprint.obj
d:\overcooked2\overcooked2\client\default\x64\debug\belonging.obj
d:\overcooked2\overcooked2\client\default\x64\debug\background.obj
d:\overcooked2\overcooked2\client\default\x64\debug\automobile.obj
d:\overcooked2\overcooked2\client\default\x64\debug\part_control_mark.obj
d:\overcooked2\overcooked2\client\default\x64\debug\part_hand.obj
d:\overcooked2\overcooked2\client\default\x64\debug\part_dirtyplate.obj
d:\overcooked2\overcooked2\client\default\x64\debug\part_cooker.obj
d:\overcooked2\overcooked2\client\default\x64\debug\part_chopknife.obj
d:\overcooked2\overcooked2\client\default\x64\debug\part_body.obj
d:\overcooked2\overcooked2\client\default\x64\debug\onionking.obj
d:\overcooked2\overcooked2\client\default\x64\debug\mainapp.obj
d:\overcooked2\overcooked2\client\default\x64\debug\loader.obj
d:\overcooked2\overcooked2\client\default\x64\debug\level_stageload.obj
d:\overcooked2\overcooked2\client\default\x64\debug\level_result.obj
d:\overcooked2\overcooked2\client\default\x64\debug\level_mainmenu.obj
d:\overcooked2\overcooked2\client\default\x64\debug\level_logo.obj
d:\overcooked2\overcooked2\client\default\x64\debug\level_loading.obj
d:\overcooked2\overcooked2\client\default\x64\debug\level_gameplay.obj
d:\overcooked2\overcooked2\client\default\x64\debug\level_editor.obj
d:\overcooked2\overcooked2\client\default\x64\debug\interactobj.obj
d:\overcooked2\overcooked2\client\default\x64\debug\instance_vapor.obj
d:\overcooked2\overcooked2\client\default\x64\debug\instance_rathit.obj
d:\overcooked2\overcooked2\client\default\x64\debug\instance_puff.obj
d:\overcooked2\overcooked2\client\default\x64\debug\ui_coin.obj
d:\overcooked2\overcooked2\client\default\x64\debug\ui_chef_change_header.obj
d:\overcooked2\overcooked2\client\default\x64\debug\traffic_light.obj
d:\overcooked2\overcooked2\client\default\x64\debug\tile.obj
d:\overcooked2\overcooked2\client\default\x64\debug\terrain.obj
d:\overcooked2\overcooked2\client\default\x64\debug\table_chop.obj
d:\overcooked2\overcooked2\client\default\x64\debug\table.obj
d:\overcooked2\overcooked2\client\default\x64\debug\stove_flame.obj
d:\overcooked2\overcooked2\client\default\x64\debug\stove.obj
d:\overcooked2\overcooked2\client\default\x64\debug\spone.obj
d:\overcooked2\overcooked2\client\default\x64\debug\soup.obj
d:\overcooked2\overcooked2\client\default\x64\debug\sink.obj
d:\overcooked2\overcooked2\client\default\x64\debug\recipe_manager.obj
d:\overcooked2\overcooked2\client\default\x64\debug\recipe.obj
d:\overcooked2\overcooked2\client\default\x64\debug\prop.obj
d:\overcooked2\overcooked2\client\default\x64\debug\part_plate_wash.obj
d:\overcooked2\overcooked2\client\default\x64\debug\plate_return.obj
d:\overcooked2\overcooked2\client\default\x64\debug\plated_ingredient.obj
d:\overcooked2\overcooked2\client\default\x64\debug\plate.obj
d:\overcooked2\overcooked2\client\default\x64\debug\pass.obj
d:\overcooked2\overcooked2\client\default\x64\debug\ui_common_title.obj
d:\overcooked2\overcooked2\client\default\x64\debug\ui_common_bg.obj
d:\overcooked2\overcooked2\client\default\x64\debug\ui_score.obj
d:\overcooked2\overcooked2\client\default\x64\debug\ui_result_empty_star.obj
d:\overcooked2\overcooked2\client\default\x64\debug\ui_bill.obj
d:\overcooked2\overcooked2\client\default\x64\debug\ui_recipe_method.obj
d:\overcooked2\overcooked2\client\default\x64\debug\ui_recipe_ingredient.obj
d:\overcooked2\overcooked2\client\default\x64\debug\ui_recipe.obj
d:\overcooked2\overcooked2\client\default\x64\debug\ui_order_manager.obj
d:\overcooked2\overcooked2\client\default\x64\debug\ui_order.obj
d:\overcooked2\overcooked2\client\default\x64\debug\ui_notice_font.obj
d:\overcooked2\overcooked2\client\default\x64\debug\ui_common_bg_pattern.obj
d:\overcooked2\overcooked2\client\default\x64\debug\ui_hourglass.obj
d:\overcooked2\overcooked2\client\default\x64\debug\ui_notice.obj
d:\overcooked2\overcooked2\client\default\x64\debug\ui_main_logo.obj
d:\overcooked2\overcooked2\client\default\x64\debug\ui_flame.obj
d:\overcooked2\overcooked2\client\default\x64\debug\ui_exit.obj
d:\overcooked2\overcooked2\client\default\x64\debug\ui_dish.obj
d:\overcooked2\overcooked2\client\default\x64\debug\ui_curtain.obj
d:\overcooked2\overcooked2\client\default\x64\debug\ui_common_star.obj
d:\overcooked2\overcooked2\client\default\x64\debug\client.obj
d:\overcooked2\overcooked2\client\default\x64\debug\chef.obj
d:\overcooked2\overcooked2\client\default\x64\debug\waste_bin.obj
d:\overcooked2\overcooked2\client\default\x64\debug\ui_transition.obj
d:\overcooked2\overcooked2\client\default\x64\debug\ui_tip.obj
d:\overcooked2\overcooked2\client\default\x64\debug\ui_timer_banner.obj
d:\overcooked2\overcooked2\client\default\x64\debug\ui_timer.obj
d:\overcooked2\overcooked2\client\default\x64\debug\ui_stage_select_title.obj
d:\overcooked2\overcooked2\client\default\x64\debug\ui_stage_select_preview.obj
d:\overcooked2\overcooked2\client\default\x64\debug\ui_stage_select_bg.obj
d:\overcooked2\overcooked2\client\default\x64\debug\ui_stage_select_header.obj
d:\overcooked2\overcooked2\client\default\x64\debug\ui_stage_preview.obj
d:\overcooked2\overcooked2\client\default\x64\debug\ui_common_strip.obj
d:\overcooked2\overcooked2\client\default\x64\debug\ui_stage_loadingbar_gauge.obj
d:\overcooked2\overcooked2\client\default\x64\debug\ui_stage_loadingbar.obj
d:\overcooked2\overcooked2\client\default\x64\debug\ui_stage_level_board.obj
d:\overcooked2\overcooked2\client\default\x64\debug\ui_stage_select_manager.obj
d:\overcooked2\overcooked2\client\default\x64\debug\ui_select_stage.obj
d:\personal_folder\portfolio\overcooked2\overcooked2\client\default\x64\debug\client.pch
d:\personal_folder\portfolio\overcooked2\overcooked2\client\default\x64\debug\vc145.pdb
d:\personal_folder\portfolio\overcooked2\overcooked2\client\default\x64\debug\vc145.idb
d:\personal_folder\portfolio\overcooked2\overcooked2\client\default\x64\debug\stdafx.obj
d:\personal_folder\portfolio\overcooked2\overcooked2\client\default\x64\debug\my_instance.obj
d:\personal_folder\portfolio\overcooked2\overcooked2\client\default\x64\debug\instance_hit_star.obj
d:\personal_folder\portfolio\overcooked2\overcooked2\client\default\x64\debug\instance_dash_puff.obj
d:\personal_folder\portfolio\overcooked2\overcooked2\client\default\x64\debug\instance_blood.obj
d:\personal_folder\portfolio\overcooked2\overcooked2\client\default\x64\debug\ingredient_crate.obj
d:\personal_folder\portfolio\overcooked2\overcooked2\client\default\x64\debug\ingredient.obj
d:\personal_folder\portfolio\overcooked2\overcooked2\client\default\x64\debug\empty_collider.obj
d:\personal_folder\portfolio\overcooked2\overcooked2\client\default\x64\debug\editor.obj
d:\personal_folder\portfolio\overcooked2\overcooked2\client\default\x64\debug\dispenser.obj
d:\personal_folder\portfolio\overcooked2\overcooked2\client\default\x64\debug\dirty_plate.obj
d:\personal_folder\portfolio\overcooked2\overcooked2\client\default\x64\debug\data_storage.obj
d:\personal_folder\portfolio\overcooked2\overcooked2\client\default\x64\debug\cooker.obj
d:\personal_folder\portfolio\overcooked2\overcooked2\client\default\x64\debug\conveyor.obj
d:\personal_folder\portfolio\overcooked2\overcooked2\client\default\x64\debug\character.obj
d:\personal_folder\portfolio\overcooked2\overcooked2\client\default\x64\debug\camera_ui.obj
d:\personal_folder\portfolio\overcooked2\overcooked2\client\default\x64\debug\camera_free.obj
d:\personal_folder\portfolio\overcooked2\overcooked2\client\default\x64\debug\blueprint.obj
d:\personal_folder\portfolio\overcooked2\overcooked2\client\default\x64\debug\belonging.obj
d:\personal_folder\portfolio\overcooked2\overcooked2\client\default\x64\debug\background.obj
d:\personal_folder\portfolio\overcooked2\overcooked2\client\default\x64\debug\automobile.obj
d:\personal_folder\portfolio\overcooked2\overcooked2\client\default\x64\debug\part_control_mark.obj
d:\personal_folder\portfolio\overcooked2\overcooked2\client\default\x64\debug\part_hand.obj
d:\personal_folder\portfolio\overcooked2\overcooked2\client\default\x64\debug\part_dirtyplate.obj
d:\personal_folder\portfolio\overcooked2\overcooked2\client\default\x64\debug\part_cooker.obj
d:\personal_folder\portfolio\overcooked2\overcooked2\client\default\x64\debug\part_chopknife.obj
d:\personal_folder\portfolio\overcooked2\overcooked2\client\default\x64\debug\part_body.obj
d:\personal_folder\portfolio\overcooked2\overcooked2\client\default\x64\debug\onionking.obj
d:\personal_folder\portfolio\overcooked2\overcooked2\client\default\x64\debug\mainapp.obj
d:\personal_folder\portfolio\overcooked2\overcooked2\client\default\x64\debug\loader.obj
d:\personal_folder\portfolio\overcooked2\overcooked2\client\default\x64\debug\level_stageload.obj
d:\personal_folder\portfolio\overcooked2\overcooked2\client\default\x64\debug\level_result.obj
d:\personal_folder\portfolio\overcooked2\overcooked2\client\default\x64\debug\level_mainmenu.obj
d:\personal_folder\portfolio\overcooked2\overcooked2\client\default\x64\debug\level_logo.obj
d:\personal_folder\portfolio\overcooked2\overcooked2\client\default\x64\debug\level_loading.obj
d:\personal_folder\portfolio\overcooked2\overcooked2\client\default\x64\debug\level_gameplay.obj
d:\personal_folder\portfolio\overcooked2\overcooked2\client\default\x64\debug\level_editor.obj
d:\personal_folder\portfolio\overcooked2\overcooked2\client\default\x64\debug\interactobj.obj
d:\personal_folder\portfolio\overcooked2\overcooked2\client\default\x64\debug\instance_vapor.obj
d:\personal_folder\portfolio\overcooked2\overcooked2\client\default\x64\debug\instance_rathit.obj
d:\personal_folder\portfolio\overcooked2\overcooked2\client\default\x64\debug\instance_puff.obj
d:\personal_folder\portfolio\overcooked2\overcooked2\client\default\x64\debug\ui_coin.obj
d:\personal_folder\portfolio\overcooked2\overcooked2\client\default\x64\debug\ui_chef_change_header.obj
d:\personal_folder\portfolio\overcooked2\overcooked2\client\default\x64\debug\traffic_light.obj
d:\personal_folder\portfolio\overcooked2\overcooked2\client\default\x64\debug\tile.obj
d:\personal_folder\portfolio\overcooked2\overcooked2\client\default\x64\debug\terrain.obj
d:\personal_folder\portfolio\overcooked2\overcooked2\client\default\x64\debug\table_chop.obj
d:\personal_folder\portfolio\overcooked2\overcooked2\client\default\x64\debug\table.obj
d:\personal_folder\portfolio\overcooked2\overcooked2\client\default\x64\debug\stove_flame.obj
d:\personal_folder\portfolio\overcooked2\overcooked2\client\default\x64\debug\stove.obj
d:\personal_folder\portfolio\overcooked2\overcooked2\client\default\x64\debug\spone.obj
d:\personal_folder\portfolio\overcooked2\overcooked2\client\default\x64\debug\soup.obj
d:\personal_folder\portfolio\overcooked2\overcooked2\client\default\x64\debug\sink.obj
d:\personal_folder\portfolio\overcooked2\overcooked2\client\default\x64\debug\recipe_manager.obj
d:\personal_folder\portfolio\overcooked2\overcooked2\client\default\x64\debug\recipe.obj
d:\personal_folder\portfolio\overcooked2\overcooked2\client\default\x64\debug\prop.obj
d:\personal_folder\portfolio\overcooked2\overcooked2\client\default\x64\debug\part_plate_wash.obj
d:\personal_folder\portfolio\overcooked2\overcooked2\client\default\x64\debug\plate_return.obj
d:\personal_folder\portfolio\overcooked2\overcooked2\client\default\x64\debug\plated_ingredient.obj
d:\personal_folder\portfolio\overcooked2\overcooked2\client\default\x64\debug\plate.obj
d:\personal_folder\portfolio\overcooked2\overcooked2\client\default\x64\debug\pass.obj
d:\personal_folder\portfolio\overcooked2\overcooked2\client\default\x64\debug\ui_common_title.obj
d:\personal_folder\portfolio\overcooked2\overcooked2\client\default\x64\debug\ui_common_bg.obj
d:\personal_folder\portfolio\overcooked2\overcooked2\client\default\x64\debug\ui_score.obj
d:\personal_folder\portfolio\overcooked2\overcooked2\client\default\x64\debug\ui_result_empty_star.obj
d:\personal_folder\portfolio\overcooked2\overcooked2\client\default\x64\debug\ui_bill.obj
d:\personal_folder\portfolio\overcooked2\overcooked2\client\default\x64\debug\ui_recipe_method.obj
d:\personal_folder\portfolio\overcooked2\overcooked2\client\default\x64\debug\ui_recipe_ingredient.obj
d:\personal_folder\portfolio\overcooked2\overcooked2\client\default\x64\debug\ui_recipe.obj
d:\personal_folder\portfolio\overcooked2\overcooked2\client\default\x64\debug\ui_order_manager.obj
d:\personal_folder\portfolio\overcooked2\overcooked2\client\default\x64\debug\ui_order.obj
d:\personal_folder\portfolio\overcooked2\overcooked2\client\default\x64\debug\ui_notice_font.obj
d:\personal_folder\portfolio\overcooked2\overcooked2\client\default\x64\debug\ui_common_bg_pattern.obj
d:\personal_folder\portfolio\overcooked2\overcooked2\client\default\x64\debug\ui_hourglass.obj
d:\personal_folder\portfolio\overcooked2\overcooked2\client\default\x64\debug\ui_notice.obj
d:\personal_folder\portfolio\overcooked2\overcooked2\client\default\x64\debug\ui_main_logo.obj
d:\personal_folder\portfolio\overcooked2\overcooked2\client\default\x64\debug\ui_flame.obj
d:\personal_folder\portfolio\overcooked2\overcooked2\client\default\x64\debug\ui_exit.obj
d:\personal_folder\portfolio\overcooked2\overcooked2\client\default\x64\debug\ui_dish.obj
d:\personal_folder\portfolio\overcooked2\overcooked2\client\default\x64\debug\ui_curtain.obj
d:\personal_folder\portfolio\overcooked2\overcooked2\client\default\x64\debug\ui_common_star.obj
d:\personal_folder\portfolio\overcooked2\overcooked2\client\default\x64\debug\client.obj
d:\personal_folder\portfolio\overcooked2\overcooked2\client\default\x64\debug\chef.obj
d:\personal_folder\portfolio\overcooked2\overcooked2\client\default\x64\debug\waste_bin.obj
d:\personal_folder\portfolio\overcooked2\overcooked2\client\default\x64\debug\ui_transition.obj
d:\personal_folder\portfolio\overcooked2\overcooked2\client\default\x64\debug\ui_tip.obj
d:\personal_folder\portfolio\overcooked2\overcooked2\client\default\x64\debug\ui_timer_banner.obj
d:\personal_folder\portfolio\overcooked2\overcooked2\client\default\x64\debug\ui_timer.obj
d:\personal_folder\portfolio\overcooked2\overcooked2\client\default\x64\debug\ui_stage_select_title.obj
d:\personal_folder\portfolio\overcooked2\overcooked2\client\default\x64\debug\ui_stage_select_preview.obj
d:\personal_folder\portfolio\overcooked2\overcooked2\client\default\x64\debug\ui_stage_select_bg.obj
d:\personal_folder\portfolio\overcooked2\overcooked2\client\default\x64\debug\ui_stage_select_header.obj
d:\personal_folder\portfolio\overcooked2\overcooked2\client\default\x64\debug\ui_stage_preview.obj
d:\personal_folder\portfolio\overcooked2\overcooked2\client\default\x64\debug\ui_common_strip.obj
d:\personal_folder\portfolio\overcooked2\overcooked2\client\default\x64\debug\ui_stage_loadingbar_gauge.obj
d:\personal_folder\portfolio\overcooked2\overcooked2\client\default\x64\debug\ui_stage_loadingbar.obj
d:\personal_folder\portfolio\overcooked2\overcooked2\client\default\x64\debug\ui_stage_level_board.obj
d:\personal_folder\portfolio\overcooked2\overcooked2\client\default\x64\debug\ui_stage_select_manager.obj
d:\personal_folder\portfolio\overcooked2\overcooked2\client\default\x64\debug\ui_select_stage.obj
d:\overcooked2\overcooked2\client\bin\shader_vtxanimmodel.cso
d:\overcooked2\overcooked2\client\bin\shader_vtxinstance_point.cso
d:\overcooked2\overcooked2\client\bin\shader_vtxinstance_rect.cso
d:\overcooked2\overcooked2\client\bin\shader_vtxmodel.cso
d:\overcooked2\overcooked2\client\bin\shader_vtxnortex.cso
d:\overcooked2\overcooked2\client\bin\shader_vtxpostex.cso
d:\personal_folder\portfolio\overcooked2\overcooked2\client\bin\shader_vtxanimmodel.cso
d:\personal_folder\portfolio\overcooked2\overcooked2\client\bin\shader_vtxinstance_point.cso
d:\personal_folder\portfolio\overcooked2\overcooked2\client\bin\shader_vtxinstance_rect.cso
d:\personal_folder\portfolio\overcooked2\overcooked2\client\bin\shader_vtxmodel.cso
d:\personal_folder\portfolio\overcooked2\overcooked2\client\bin\shader_vtxnortex.cso
d:\personal_folder\portfolio\overcooked2\overcooked2\client\bin\shader_vtxpostex.cso
d:\overcooked2\overcooked2\client\bin\client.exe
d:\overcooked2\overcooked2\client\bin\client.pdb
d:\overcooked2\overcooked2\client\default\x64\debug\client.res
d:\personal_folder\portfolio\overcooked2\overcooked2\client\default\x64\debug\client.res
d:\overcooked2\overcooked2\client\default\x64\debug\client.ilk
d:\personal_folder\portfolio\overcooked2\overcooked2\client\default\x64\debug\instance.obj
d:\personal_folder\portfolio\overcooked2\overcooked2\client\default\x64\debug\ui_lightbox.obj
d:\personal_folder\portfolio\overcooked2\overcooked2\client\default\x64\debug\ui_stage_selecthead.obj
d:\personal_folder\portfolio\overcooked2\overcooked2\client\default\x64\debug\editor.obj.enc
d:\personal_folder\portfolio\overcooked2\overcooked2\client\default\x64\debug\vc143.idb
d:\personal_folder\portfolio\overcooked2\overcooked2\client\default\x64\debug\vc143.pdb
d:\personal_folder\portfolio\overcooked2\overcooked2\client\default\x64\debug\client.tlog\cl.command.1.tlog
d:\personal_folder\portfolio\overcooked2\overcooked2\client\default\x64\debug\client.tlog\cl.items.tlog
d:\personal_folder\portfolio\overcooked2\overcooked2\client\default\x64\debug\client.tlog\cl.read.1.tlog
d:\personal_folder\portfolio\overcooked2\overcooked2\client\default\x64\debug\client.tlog\cl.write.1.tlog
d:\personal_folder\portfolio\overcooked2\overcooked2\client\default\x64\debug\client.tlog\fxc.command.1.tlog
d:\personal_folder\portfolio\overcooked2\overcooked2\client\default\x64\debug\client.tlog\fxc.read.1.tlog
d:\personal_folder\portfolio\overcooked2\overcooked2\client\default\x64\debug\client.tlog\fxc.write.1.tlog
d:\personal_folder\portfolio\overcooked2\overcooked2\client\default\x64\debug\client.tlog\link-cvtres.read.1.tlog
d:\personal_folder\portfolio\overcooked2\overcooked2\client\default\x64\debug\client.tlog\link-cvtres.write.1.tlog
d:\personal_folder\portfolio\overcooked2\overcooked2\client\default\x64\debug\client.tlog\link-rc.read.1.tlog
d:\personal_folder\portfolio\overcooked2\overcooked2\client\default\x64\debug\client.tlog\link-rc.write.1.tlog
d:\personal_folder\portfolio\overcooked2\overcooked2\client\default\x64\debug\client.tlog\link.command.1.tlog
d:\personal_folder\portfolio\overcooked2\overcooked2\client\default\x64\debug\client.tlog\link.read.1.tlog
d:\personal_folder\portfolio\overcooked2\overcooked2\client\default\x64\debug\client.tlog\link.read.2.tlog
d:\personal_folder\portfolio\overcooked2\overcooked2\client\default\x64\debug\client.tlog\link.secondary.1.tlog
d:\personal_folder\portfolio\overcooked2\overcooked2\client\default\x64\debug\client.tlog\link.write.1.tlog
d:\personal_folder\portfolio\overcooked2\overcooked2\client\default\x64\debug\client.tlog\rc.command.1.tlog
d:\personal_folder\portfolio\overcooked2\overcooked2\client\default\x64\debug\client.tlog\rc.read.1.tlog
d:\personal_folder\portfolio\overcooked2\overcooked2\client\default\x64\debug\client.tlog\rc.write.1.tlog
