d:\overcooked2\overcooked2\engine\default\x64\release\vc143.pdb
d:\overcooked2\overcooked2\engine\default\x64\release\component.obj
d:\overcooked2\overcooked2\engine\default\x64\release\collision_manager.obj
d:\overcooked2\overcooked2\engine\default\x64\release\collider.obj
d:\overcooked2\overcooked2\engine\default\x64\release\channel.obj
d:\overcooked2\overcooked2\engine\default\x64\release\camera.obj
d:\overcooked2\overcooked2\engine\default\x64\release\bounding_sphere.obj
d:\overcooked2\overcooked2\engine\default\x64\release\bounding_obb.obj
d:\overcooked2\overcooked2\engine\default\x64\release\bounding_aabb.obj
d:\overcooked2\overcooked2\engine\default\x64\release\bounding.obj
d:\overcooked2\overcooked2\engine\default\x64\release\bone.obj
d:\overcooked2\overcooked2\engine\default\x64\release\base.obj
d:\overcooked2\overcooked2\engine\default\x64\release\animation.obj
d:\overcooked2\overcooked2\engine\default\x64\release\imgui_widgets.obj
d:\overcooked2\overcooked2\engine\default\x64\release\imgui_tables.obj
d:\overcooked2\overcooked2\engine\default\x64\release\imgui_impl_win32.obj
d:\overcooked2\overcooked2\engine\default\x64\release\imgui_impl_dx11.obj
d:\overcooked2\overcooked2\engine\default\x64\release\imgui_draw.obj
d:\overcooked2\overcooked2\engine\default\x64\release\imgui_demo.obj
d:\overcooked2\overcooked2\engine\default\x64\release\imguizmo.obj
d:\overcooked2\overcooked2\engine\default\x64\release\imgui.obj
d:\overcooked2\overcooked2\engine\default\x64\release\picking.obj
d:\overcooked2\overcooked2\engine\default\x64\release\partobject.obj
d:\overcooked2\overcooked2\engine\default\x64\release\object_manager.obj
d:\overcooked2\overcooked2\engine\default\x64\release\modelobject.obj
d:\overcooked2\overcooked2\engine\default\x64\release\model.obj
d:\overcooked2\overcooked2\engine\default\x64\release\mesh.obj
d:\overcooked2\overcooked2\engine\default\x64\release\light_manager.obj
d:\overcooked2\overcooked2\engine\default\x64\release\light.obj
d:\overcooked2\overcooked2\engine\default\x64\release\level_manager.obj
d:\overcooked2\overcooked2\engine\default\x64\release\level.obj
d:\overcooked2\overcooked2\engine\default\x64\release\layer.obj
d:\overcooked2\overcooked2\engine\default\x64\release\input_device.obj
d:\overcooked2\overcooked2\engine\default\x64\release\imgui_manager.obj
d:\overcooked2\overcooked2\engine\default\x64\release\graphic_device.obj
d:\overcooked2\overcooked2\engine\default\x64\release\gameobject.obj
d:\overcooked2\overcooked2\engine\default\x64\release\gameinstance.obj
d:\overcooked2\overcooked2\engine\default\x64\release\fontmanager.obj
d:\overcooked2\overcooked2\engine\default\x64\release\debugdraw.obj
d:\overcooked2\overcooked2\engine\default\x64\release\customfont.obj
d:\overcooked2\overcooked2\engine\default\x64\release\component_manager.obj
d:\overcooked2\overcooked2\engine\default\x64\release\engine_struct.obj
d:\overcooked2\overcooked2\engine\default\x64\release\vibuffer_terrain.obj
d:\overcooked2\overcooked2\engine\default\x64\release\vibuffer_rect.obj
d:\overcooked2\overcooked2\engine\default\x64\release\vibuffer_point.obj
d:\overcooked2\overcooked2\engine\default\x64\release\vibuffer_instance_rect.obj
d:\overcooked2\overcooked2\engine\default\x64\release\vibuffer_instance_point.obj
d:\overcooked2\overcooked2\engine\default\x64\release\vibuffer_instance.obj
d:\overcooked2\overcooked2\engine\default\x64\release\vibuffer.obj
d:\overcooked2\overcooked2\engine\default\x64\release\ui.obj
d:\overcooked2\overcooked2\engine\default\x64\release\transform.obj
d:\overcooked2\overcooked2\engine\default\x64\release\tool.obj
d:\overcooked2\overcooked2\engine\default\x64\release\timer_manager.obj
d:\overcooked2\overcooked2\engine\default\x64\release\timer.obj
d:\overcooked2\overcooked2\engine\default\x64\release\texture.obj
d:\overcooked2\overcooked2\engine\default\x64\release\target_manager.obj
d:\overcooked2\overcooked2\engine\default\x64\release\sound_manager.obj
d:\overcooked2\overcooked2\engine\default\x64\release\shader.obj
d:\overcooked2\overcooked2\engine\default\x64\release\rendertarget.obj
d:\overcooked2\overcooked2\engine\default\x64\release\renderer.obj
d:\overcooked2\overcooked2\engine\default\x64\release\pipeline.obj
d:\overcooked2\overcooked2\engine\bin\shader_cell.cso
d:\overcooked2\overcooked2\engine\bin\shader_deferred.cso
d:\overcooked2\overcooked2\engine\bin\engine.dll
d:\overcooked2\overcooked2\engine\bin\engine.pdb
d:\overcooked2\overcooked2\engine\bin\engine.lib
d:\overcooked2\overcooked2\engine\bin\engine.exp
d:\overcooked2\overcooked2\engine\default\x64\release\engine.ipdb
d:\overcooked2\overcooked2\engine\default\x64\release\engine.iobj
d:\personal_folder\portfolio\overcooked2\overcooked2\engine\default\x64\release\animation.obj
d:\personal_folder\portfolio\overcooked2\overcooked2\engine\default\x64\release\base.obj
d:\personal_folder\portfolio\overcooked2\overcooked2\engine\default\x64\release\bone.obj
d:\personal_folder\portfolio\overcooked2\overcooked2\engine\default\x64\release\bounding.obj
d:\personal_folder\portfolio\overcooked2\overcooked2\engine\default\x64\release\bounding_aabb.obj
d:\personal_folder\portfolio\overcooked2\overcooked2\engine\default\x64\release\bounding_obb.obj
d:\personal_folder\portfolio\overcooked2\overcooked2\engine\default\x64\release\bounding_sphere.obj
d:\personal_folder\portfolio\overcooked2\overcooked2\engine\default\x64\release\camera.obj
d:\personal_folder\portfolio\overcooked2\overcooked2\engine\default\x64\release\channel.obj
d:\personal_folder\portfolio\overcooked2\overcooked2\engine\default\x64\release\collider.obj
d:\personal_folder\portfolio\overcooked2\overcooked2\engine\default\x64\release\collision_manager.obj
d:\personal_folder\portfolio\overcooked2\overcooked2\engine\default\x64\release\component.obj
d:\personal_folder\portfolio\overcooked2\overcooked2\engine\default\x64\release\component_manager.obj
d:\personal_folder\portfolio\overcooked2\overcooked2\engine\default\x64\release\customfont.obj
d:\personal_folder\portfolio\overcooked2\overcooked2\engine\default\x64\release\debugdraw.obj
d:\personal_folder\portfolio\overcooked2\overcooked2\engine\default\x64\release\engine_struct.obj
d:\personal_folder\portfolio\overcooked2\overcooked2\engine\default\x64\release\fontmanager.obj
d:\personal_folder\portfolio\overcooked2\overcooked2\engine\default\x64\release\gameinstance.obj
d:\personal_folder\portfolio\overcooked2\overcooked2\engine\default\x64\release\gameobject.obj
d:\personal_folder\portfolio\overcooked2\overcooked2\engine\default\x64\release\graphic_device.obj
d:\personal_folder\portfolio\overcooked2\overcooked2\engine\default\x64\release\imgui.obj
d:\personal_folder\portfolio\overcooked2\overcooked2\engine\default\x64\release\imguizmo.obj
d:\personal_folder\portfolio\overcooked2\overcooked2\engine\default\x64\release\imgui_demo.obj
d:\personal_folder\portfolio\overcooked2\overcooked2\engine\default\x64\release\imgui_draw.obj
d:\personal_folder\portfolio\overcooked2\overcooked2\engine\default\x64\release\imgui_impl_dx11.obj
d:\personal_folder\portfolio\overcooked2\overcooked2\engine\default\x64\release\imgui_impl_win32.obj
d:\personal_folder\portfolio\overcooked2\overcooked2\engine\default\x64\release\imgui_manager.obj
d:\personal_folder\portfolio\overcooked2\overcooked2\engine\default\x64\release\imgui_tables.obj
d:\personal_folder\portfolio\overcooked2\overcooked2\engine\default\x64\release\imgui_widgets.obj
d:\personal_folder\portfolio\overcooked2\overcooked2\engine\default\x64\release\input_device.obj
d:\personal_folder\portfolio\overcooked2\overcooked2\engine\default\x64\release\layer.obj
d:\personal_folder\portfolio\overcooked2\overcooked2\engine\default\x64\release\level.obj
d:\personal_folder\portfolio\overcooked2\overcooked2\engine\default\x64\release\level_manager.obj
d:\personal_folder\portfolio\overcooked2\overcooked2\engine\default\x64\release\light.obj
d:\personal_folder\portfolio\overcooked2\overcooked2\engine\default\x64\release\light_manager.obj
d:\personal_folder\portfolio\overcooked2\overcooked2\engine\default\x64\release\mesh.obj
d:\personal_folder\portfolio\overcooked2\overcooked2\engine\default\x64\release\model.obj
d:\personal_folder\portfolio\overcooked2\overcooked2\engine\default\x64\release\modelobject.obj
d:\personal_folder\portfolio\overcooked2\overcooked2\engine\default\x64\release\object_manager.obj
d:\personal_folder\portfolio\overcooked2\overcooked2\engine\default\x64\release\partobject.obj
d:\personal_folder\portfolio\overcooked2\overcooked2\engine\default\x64\release\picking.obj
d:\personal_folder\portfolio\overcooked2\overcooked2\engine\default\x64\release\pipeline.obj
d:\personal_folder\portfolio\overcooked2\overcooked2\engine\default\x64\release\renderer.obj
d:\personal_folder\portfolio\overcooked2\overcooked2\engine\default\x64\release\rendertarget.obj
d:\personal_folder\portfolio\overcooked2\overcooked2\engine\default\x64\release\shader.obj
d:\personal_folder\portfolio\overcooked2\overcooked2\engine\default\x64\release\sound_manager.obj
d:\personal_folder\portfolio\overcooked2\overcooked2\engine\default\x64\release\target_manager.obj
d:\personal_folder\portfolio\overcooked2\overcooked2\engine\default\x64\release\texture.obj
d:\personal_folder\portfolio\overcooked2\overcooked2\engine\default\x64\release\timer.obj
d:\personal_folder\portfolio\overcooked2\overcooked2\engine\default\x64\release\timer_manager.obj
d:\personal_folder\portfolio\overcooked2\overcooked2\engine\default\x64\release\tool.obj
d:\personal_folder\portfolio\overcooked2\overcooked2\engine\default\x64\release\transform.obj
d:\personal_folder\portfolio\overcooked2\overcooked2\engine\default\x64\release\ui.obj
d:\personal_folder\portfolio\overcooked2\overcooked2\engine\default\x64\release\vibuffer.obj
d:\personal_folder\portfolio\overcooked2\overcooked2\engine\default\x64\release\vibuffer_instance.obj
d:\personal_folder\portfolio\overcooked2\overcooked2\engine\default\x64\release\vibuffer_instance_point.obj
d:\personal_folder\portfolio\overcooked2\overcooked2\engine\default\x64\release\vibuffer_instance_rect.obj
d:\personal_folder\portfolio\overcooked2\overcooked2\engine\default\x64\release\vibuffer_point.obj
d:\personal_folder\portfolio\overcooked2\overcooked2\engine\default\x64\release\vibuffer_rect.obj
d:\personal_folder\portfolio\overcooked2\overcooked2\engine\default\x64\release\vibuffer_terrain.obj
d:\personal_folder\portfolio\overcooked2\overcooked2\engine\default\x64\release\engine.ipdb
d:\personal_folder\portfolio\overcooked2\overcooked2\engine\default\x64\release\engine.iobj
d:\personal_folder\portfolio\overcooked2\overcooked2\engine\default\x64\release\vc143.pdb
d:\personal_folder\portfolio\overcooked2\overcooked2\engine\bin\engine.dll
d:\personal_folder\portfolio\overcooked2\overcooked2\engine\default\x64\release\engine.tlog\cl.command.1.tlog
d:\personal_folder\portfolio\overcooked2\overcooked2\engine\default\x64\release\engine.tlog\cl.items.tlog
d:\personal_folder\portfolio\overcooked2\overcooked2\engine\default\x64\release\engine.tlog\cl.read.1.tlog
d:\personal_folder\portfolio\overcooked2\overcooked2\engine\default\x64\release\engine.tlog\cl.write.1.tlog
d:\personal_folder\portfolio\overcooked2\overcooked2\engine\default\x64\release\engine.tlog\fxc.command.1.tlog
d:\personal_folder\portfolio\overcooked2\overcooked2\engine\default\x64\release\engine.tlog\fxc.read.1.tlog
d:\personal_folder\portfolio\overcooked2\overcooked2\engine\default\x64\release\engine.tlog\fxc.write.1.tlog
d:\personal_folder\portfolio\overcooked2\overcooked2\engine\default\x64\release\engine.tlog\link.command.1.tlog
d:\personal_folder\portfolio\overcooked2\overcooked2\engine\default\x64\release\engine.tlog\link.read.1.tlog
d:\personal_folder\portfolio\overcooked2\overcooked2\engine\default\x64\release\engine.tlog\link.secondary.1.tlog
d:\personal_folder\portfolio\overcooked2\overcooked2\engine\default\x64\release\engine.tlog\link.write.1.tlog
