d:\overcooked2\overcooked2\engine\default\x64\debug\vc143.pdb
d:\overcooked2\overcooked2\engine\default\x64\debug\vc143.idb
d:\overcooked2\overcooked2\engine\default\x64\debug\component.obj
d:\overcooked2\overcooked2\engine\default\x64\debug\collision_manager.obj
d:\overcooked2\overcooked2\engine\default\x64\debug\collider.obj
d:\overcooked2\overcooked2\engine\default\x64\debug\channel.obj
d:\overcooked2\overcooked2\engine\default\x64\debug\camera.obj
d:\overcooked2\overcooked2\engine\default\x64\debug\bounding_sphere.obj
d:\overcooked2\overcooked2\engine\default\x64\debug\bounding_obb.obj
d:\overcooked2\overcooked2\engine\default\x64\debug\bounding_aabb.obj
d:\overcooked2\overcooked2\engine\default\x64\debug\bounding.obj
d:\overcooked2\overcooked2\engine\default\x64\debug\bone.obj
d:\overcooked2\overcooked2\engine\default\x64\debug\base.obj
d:\overcooked2\overcooked2\engine\default\x64\debug\animation.obj
d:\overcooked2\overcooked2\engine\default\x64\debug\imgui_widgets.obj
d:\overcooked2\overcooked2\engine\default\x64\debug\imgui_tables.obj
d:\overcooked2\overcooked2\engine\default\x64\debug\imgui_impl_win32.obj
d:\overcooked2\overcooked2\engine\default\x64\debug\imgui_impl_dx11.obj
d:\overcooked2\overcooked2\engine\default\x64\debug\imgui_draw.obj
d:\overcooked2\overcooked2\engine\default\x64\debug\imgui_demo.obj
d:\overcooked2\overcooked2\engine\default\x64\debug\imguizmo.obj
d:\overcooked2\overcooked2\engine\default\x64\debug\imgui.obj
d:\overcooked2\overcooked2\engine\default\x64\debug\picking.obj
d:\overcooked2\overcooked2\engine\default\x64\debug\partobject.obj
d:\overcooked2\overcooked2\engine\default\x64\debug\object_manager.obj
d:\overcooked2\overcooked2\engine\default\x64\debug\modelobject.obj
d:\overcooked2\overcooked2\engine\default\x64\debug\model.obj
d:\overcooked2\overcooked2\engine\default\x64\debug\mesh.obj
d:\overcooked2\overcooked2\engine\default\x64\debug\light_manager.obj
d:\overcooked2\overcooked2\engine\default\x64\debug\light.obj
d:\overcooked2\overcooked2\engine\default\x64\debug\level_manager.obj
d:\overcooked2\overcooked2\engine\default\x64\debug\level.obj
d:\overcooked2\overcooked2\engine\default\x64\debug\layer.obj
d:\overcooked2\overcooked2\engine\default\x64\debug\input_device.obj
d:\overcooked2\overcooked2\engine\default\x64\debug\imgui_manager.obj
d:\overcooked2\overcooked2\engine\default\x64\debug\graphic_device.obj
d:\overcooked2\overcooked2\engine\default\x64\debug\gameobject.obj
d:\overcooked2\overcooked2\engine\default\x64\debug\gameinstance.obj
d:\overcooked2\overcooked2\engine\default\x64\debug\fontmanager.obj
d:\overcooked2\overcooked2\engine\default\x64\debug\debugdraw.obj
d:\overcooked2\overcooked2\engine\default\x64\debug\customfont.obj
d:\overcooked2\overcooked2\engine\default\x64\debug\component_manager.obj
d:\overcooked2\overcooked2\engine\default\x64\debug\engine_struct.obj
d:\overcooked2\overcooked2\engine\default\x64\debug\vibuffer_terrain.obj
d:\overcooked2\overcooked2\engine\default\x64\debug\vibuffer_rect.obj
d:\overcooked2\overcooked2\engine\default\x64\debug\vibuffer_point.obj
d:\overcooked2\overcooked2\engine\default\x64\debug\vibuffer_instance_rect.obj
d:\overcooked2\overcooked2\engine\default\x64\debug\vibuffer_instance_point.obj
d:\overcooked2\overcooked2\engine\default\x64\debug\vibuffer_instance.obj
d:\overcooked2\overcooked2\engine\default\x64\debug\vibuffer.obj
d:\overcooked2\overcooked2\engine\default\x64\debug\ui.obj
d:\overcooked2\overcooked2\engine\default\x64\debug\transform.obj
d:\overcooked2\overcooked2\engine\default\x64\debug\tool.obj
d:\overcooked2\overcooked2\engine\default\x64\debug\timer_manager.obj
d:\overcooked2\overcooked2\engine\default\x64\debug\timer.obj
d:\overcooked2\overcooked2\engine\default\x64\debug\texture.obj
d:\overcooked2\overcooked2\engine\default\x64\debug\target_manager.obj
d:\overcooked2\overcooked2\engine\default\x64\debug\sound_manager.obj
d:\overcooked2\overcooked2\engine\default\x64\debug\shader.obj
d:\overcooked2\overcooked2\engine\default\x64\debug\rendertarget.obj
d:\overcooked2\overcooked2\engine\default\x64\debug\renderer.obj
d:\overcooked2\overcooked2\engine\default\x64\debug\pipeline.obj
d:\overcooked2\overcooked2\engine\bin\shader_cell.cso
d:\overcooked2\overcooked2\engine\bin\shader_deferred.cso
d:\overcooked2\overcooked2\engine\bin\engine.dll
d:\overcooked2\overcooked2\engine\bin\engine.pdb
d:\overcooked2\overcooked2\engine\bin\engine.lib
d:\overcooked2\overcooked2\engine\bin\engine.exp
d:\overcooked2\overcooked2\engine\default\x64\debug\engine.ilk
d:\personal_folder\portfolio\overcooked2\overcooked2\engine\default\x64\debug\animation.obj
d:\personal_folder\portfolio\overcooked2\overcooked2\engine\default\x64\debug\base.obj
d:\personal_folder\portfolio\overcooked2\overcooked2\engine\default\x64\debug\bone.obj
d:\personal_folder\portfolio\overcooked2\overcooked2\engine\default\x64\debug\bounding.obj
d:\personal_folder\portfolio\overcooked2\overcooked2\engine\default\x64\debug\bounding_aabb.obj
d:\personal_folder\portfolio\overcooked2\overcooked2\engine\default\x64\debug\bounding_obb.obj
d:\personal_folder\portfolio\overcooked2\overcooked2\engine\default\x64\debug\bounding_sphere.obj
d:\personal_folder\portfolio\overcooked2\overcooked2\engine\default\x64\debug\camera.obj
d:\personal_folder\portfolio\overcooked2\overcooked2\engine\default\x64\debug\channel.obj
d:\personal_folder\portfolio\overcooked2\overcooked2\engine\default\x64\debug\collider.obj
d:\personal_folder\portfolio\overcooked2\overcooked2\engine\default\x64\debug\collision_manager.obj
d:\personal_folder\portfolio\overcooked2\overcooked2\engine\default\x64\debug\component.obj
d:\personal_folder\portfolio\overcooked2\overcooked2\engine\default\x64\debug\component_manager.obj
d:\personal_folder\portfolio\overcooked2\overcooked2\engine\default\x64\debug\customfont.obj
d:\personal_folder\portfolio\overcooked2\overcooked2\engine\default\x64\debug\debugdraw.obj
d:\personal_folder\portfolio\overcooked2\overcooked2\engine\default\x64\debug\engine_struct.obj
d:\personal_folder\portfolio\overcooked2\overcooked2\engine\default\x64\debug\fontmanager.obj
d:\personal_folder\portfolio\overcooked2\overcooked2\engine\default\x64\debug\gameinstance.obj
d:\personal_folder\portfolio\overcooked2\overcooked2\engine\default\x64\debug\gameobject.obj
d:\personal_folder\portfolio\overcooked2\overcooked2\engine\default\x64\debug\graphic_device.obj
d:\personal_folder\portfolio\overcooked2\overcooked2\engine\default\x64\debug\imgui.obj
d:\personal_folder\portfolio\overcooked2\overcooked2\engine\default\x64\debug\imguizmo.obj
d:\personal_folder\portfolio\overcooked2\overcooked2\engine\default\x64\debug\imgui_demo.obj
d:\personal_folder\portfolio\overcooked2\overcooked2\engine\default\x64\debug\imgui_draw.obj
d:\personal_folder\portfolio\overcooked2\overcooked2\engine\default\x64\debug\imgui_impl_dx11.obj
d:\personal_folder\portfolio\overcooked2\overcooked2\engine\default\x64\debug\imgui_impl_win32.obj
d:\personal_folder\portfolio\overcooked2\overcooked2\engine\default\x64\debug\imgui_manager.obj
d:\personal_folder\portfolio\overcooked2\overcooked2\engine\default\x64\debug\imgui_tables.obj
d:\personal_folder\portfolio\overcooked2\overcooked2\engine\default\x64\debug\imgui_widgets.obj
d:\personal_folder\portfolio\overcooked2\overcooked2\engine\default\x64\debug\input_device.obj
d:\personal_folder\portfolio\overcooked2\overcooked2\engine\default\x64\debug\layer.obj
d:\personal_folder\portfolio\overcooked2\overcooked2\engine\default\x64\debug\level.obj
d:\personal_folder\portfolio\overcooked2\overcooked2\engine\default\x64\debug\level_manager.obj
d:\personal_folder\portfolio\overcooked2\overcooked2\engine\default\x64\debug\light.obj
d:\personal_folder\portfolio\overcooked2\overcooked2\engine\default\x64\debug\light_manager.obj
d:\personal_folder\portfolio\overcooked2\overcooked2\engine\default\x64\debug\mesh.obj
d:\personal_folder\portfolio\overcooked2\overcooked2\engine\default\x64\debug\model.obj
d:\personal_folder\portfolio\overcooked2\overcooked2\engine\default\x64\debug\modelobject.obj
d:\personal_folder\portfolio\overcooked2\overcooked2\engine\default\x64\debug\object_manager.obj
d:\personal_folder\portfolio\overcooked2\overcooked2\engine\default\x64\debug\partobject.obj
d:\personal_folder\portfolio\overcooked2\overcooked2\engine\default\x64\debug\picking.obj
d:\personal_folder\portfolio\overcooked2\overcooked2\engine\default\x64\debug\pipeline.obj
d:\personal_folder\portfolio\overcooked2\overcooked2\engine\default\x64\debug\renderer.obj
d:\personal_folder\portfolio\overcooked2\overcooked2\engine\default\x64\debug\rendertarget.obj
d:\personal_folder\portfolio\overcooked2\overcooked2\engine\default\x64\debug\shader.obj
d:\personal_folder\portfolio\overcooked2\overcooked2\engine\default\x64\debug\sound_manager.obj
d:\personal_folder\portfolio\overcooked2\overcooked2\engine\default\x64\debug\target_manager.obj
d:\personal_folder\portfolio\overcooked2\overcooked2\engine\default\x64\debug\texture.obj
d:\personal_folder\portfolio\overcooked2\overcooked2\engine\default\x64\debug\timer.obj
d:\personal_folder\portfolio\overcooked2\overcooked2\engine\default\x64\debug\timer_manager.obj
d:\personal_folder\portfolio\overcooked2\overcooked2\engine\default\x64\debug\tool.obj
d:\personal_folder\portfolio\overcooked2\overcooked2\engine\default\x64\debug\transform.obj
d:\personal_folder\portfolio\overcooked2\overcooked2\engine\default\x64\debug\ui.obj
d:\personal_folder\portfolio\overcooked2\overcooked2\engine\default\x64\debug\vibuffer.obj
d:\personal_folder\portfolio\overcooked2\overcooked2\engine\default\x64\debug\vibuffer_instance.obj
d:\personal_folder\portfolio\overcooked2\overcooked2\engine\default\x64\debug\vibuffer_instance_point.obj
d:\personal_folder\portfolio\overcooked2\overcooked2\engine\default\x64\debug\vibuffer_instance_rect.obj
d:\personal_folder\portfolio\overcooked2\overcooked2\engine\default\x64\debug\vibuffer_point.obj
d:\personal_folder\portfolio\overcooked2\overcooked2\engine\default\x64\debug\vibuffer_rect.obj
d:\personal_folder\portfolio\overcooked2\overcooked2\engine\default\x64\debug\vibuffer_terrain.obj
d:\personal_folder\portfolio\overcooked2\overcooked2\engine\default\x64\debug\engine.ilk
d:\personal_folder\portfolio\overcooked2\overcooked2\engine\default\x64\debug\vc143.idb
d:\personal_folder\portfolio\overcooked2\overcooked2\engine\default\x64\debug\vc143.pdb
d:\personal_folder\portfolio\overcooked2\overcooked2\engine\bin\engine.dll
d:\personal_folder\portfolio\overcooked2\overcooked2\engine\default\x64\debug\engine.tlog\cl.command.1.tlog
d:\personal_folder\portfolio\overcooked2\overcooked2\engine\default\x64\debug\engine.tlog\cl.items.tlog
d:\personal_folder\portfolio\overcooked2\overcooked2\engine\default\x64\debug\engine.tlog\cl.read.1.tlog
d:\personal_folder\portfolio\overcooked2\overcooked2\engine\default\x64\debug\engine.tlog\cl.write.1.tlog
d:\personal_folder\portfolio\overcooked2\overcooked2\engine\default\x64\debug\engine.tlog\fxc.command.1.tlog
d:\personal_folder\portfolio\overcooked2\overcooked2\engine\default\x64\debug\engine.tlog\fxc.read.1.tlog
d:\personal_folder\portfolio\overcooked2\overcooked2\engine\default\x64\debug\engine.tlog\fxc.write.1.tlog
d:\personal_folder\portfolio\overcooked2\overcooked2\engine\default\x64\debug\engine.tlog\link.command.1.tlog
d:\personal_folder\portfolio\overcooked2\overcooked2\engine\default\x64\debug\engine.tlog\link.read.1.tlog
d:\personal_folder\portfolio\overcooked2\overcooked2\engine\default\x64\debug\engine.tlog\link.secondary.1.tlog
d:\personal_folder\portfolio\overcooked2\overcooked2\engine\default\x64\debug\engine.tlog\link.write.1.tlog
