d:\personal_folder\portfolio\overcooked2\overcooked2\client\default\x64\release\client.pch
d:\personal_folder\portfolio\overcooked2\overcooked2\client\default\x64\release\vc145.pdb
d:\personal_folder\portfolio\overcooked2\overcooked2\client\default\x64\release\stdafx.obj
d:\personal_folder\portfolio\overcooked2\overcooked2\client\default\x64\release\my_instance.obj
d:\personal_folder\portfolio\overcooked2\overcooked2\client\default\x64\release\instance_hit_star.obj
d:\personal_folder\portfolio\overcooked2\overcooked2\client\default\x64\release\instance_dash_puff.obj
d:\personal_folder\portfolio\overcooked2\overcooked2\client\default\x64\release\instance_blood.obj
d:\personal_folder\portfolio\overcooked2\overcooked2\client\default\x64\release\ingredient_crate.obj
d:\personal_folder\portfolio\overcooked2\overcooked2\client\default\x64\release\ingredient.obj
d:\personal_folder\portfolio\overcooked2\overcooked2\client\default\x64\release\empty_collider.obj
d:\personal_folder\portfolio\overcooked2\overcooked2\client\default\x64\release\editor.obj
d:\personal_folder\portfolio\overcooked2\overcooked2\client\default\x64\release\dispenser.obj
d:\personal_folder\portfolio\overcooked2\overcooked2\client\default\x64\release\dirty_plate.obj
d:\personal_folder\portfolio\overcooked2\overcooked2\client\default\x64\release\data_storage.obj
d:\personal_folder\portfolio\overcooked2\overcooked2\client\default\x64\release\cooker.obj
d:\personal_folder\portfolio\overcooked2\overcooked2\client\default\x64\release\conveyor.obj
d:\personal_folder\portfolio\overcooked2\overcooked2\client\default\x64\release\character.obj
d:\personal_folder\portfolio\overcooked2\overcooked2\client\default\x64\release\camera_ui.obj
d:\personal_folder\portfolio\overcooked2\overcooked2\client\default\x64\release\camera_free.obj
d:\personal_folder\portfolio\overcooked2\overcooked2\client\default\x64\release\blueprint.obj
d:\personal_folder\portfolio\overcooked2\overcooked2\client\default\x64\release\belonging.obj
d:\personal_folder\portfolio\overcooked2\overcooked2\client\default\x64\release\background.obj
d:\personal_folder\portfolio\overcooked2\overcooked2\client\default\x64\release\automobile.obj
d:\personal_folder\portfolio\overcooked2\overcooked2\client\default\x64\release\part_control_mark.obj
d:\personal_folder\portfolio\overcooked2\overcooked2\client\default\x64\release\part_hand.obj
d:\personal_folder\portfolio\overcooked2\overcooked2\client\default\x64\release\part_dirtyplate.obj
d:\personal_folder\portfolio\overcooked2\overcooked2\client\default\x64\release\part_cooker.obj
d:\personal_folder\portfolio\overcooked2\overcooked2\client\default\x64\release\part_chopknife.obj
d:\personal_folder\portfolio\overcooked2\overcooked2\client\default\x64\release\part_body.obj
d:\personal_folder\portfolio\overcooked2\overcooked2\client\default\x64\release\onionking.obj
d:\personal_folder\portfolio\overcooked2\overcooked2\client\default\x64\release\mainapp.obj
d:\personal_folder\portfolio\overcooked2\overcooked2\client\default\x64\release\loader.obj
d:\personal_folder\portfolio\overcooked2\overcooked2\client\default\x64\release\level_stageload.obj
d:\personal_folder\portfolio\overcooked2\overcooked2\client\default\x64\release\level_result.obj
d:\personal_folder\portfolio\overcooked2\overcooked2\client\default\x64\release\level_mainmenu.obj
d:\personal_folder\portfolio\overcooked2\overcooked2\client\default\x64\release\level_logo.obj
d:\personal_folder\portfolio\overcooked2\overcooked2\client\default\x64\release\level_loading.obj
d:\personal_folder\portfolio\overcooked2\overcooked2\client\default\x64\release\level_gameplay.obj
d:\personal_folder\portfolio\overcooked2\overcooked2\client\default\x64\release\level_editor.obj
d:\personal_folder\portfolio\overcooked2\overcooked2\client\default\x64\release\interactobj.obj
d:\personal_folder\portfolio\overcooked2\overcooked2\client\default\x64\release\instance_vapor.obj
d:\personal_folder\portfolio\overcooked2\overcooked2\client\default\x64\release\instance_rathit.obj
d:\personal_folder\portfolio\overcooked2\overcooked2\client\default\x64\release\instance_puff.obj
d:\personal_folder\portfolio\overcooked2\overcooked2\client\default\x64\release\ui_coin.obj
d:\personal_folder\portfolio\overcooked2\overcooked2\client\default\x64\release\ui_chef_change_header.obj
d:\personal_folder\portfolio\overcooked2\overcooked2\client\default\x64\release\traffic_light.obj
d:\personal_folder\portfolio\overcooked2\overcooked2\client\default\x64\release\tile.obj
d:\personal_folder\portfolio\overcooked2\overcooked2\client\default\x64\release\terrain.obj
d:\personal_folder\portfolio\overcooked2\overcooked2\client\default\x64\release\table_chop.obj
d:\personal_folder\portfolio\overcooked2\overcooked2\client\default\x64\release\table.obj
d:\personal_folder\portfolio\overcooked2\overcooked2\client\default\x64\release\stove_flame.obj
d:\personal_folder\portfolio\overcooked2\overcooked2\client\default\x64\release\stove.obj
d:\personal_folder\portfolio\overcooked2\overcooked2\client\default\x64\release\spone.obj
d:\personal_folder\portfolio\overcooked2\overcooked2\client\default\x64\release\soup.obj
d:\personal_folder\portfolio\overcooked2\overcooked2\client\default\x64\release\sink.obj
d:\personal_folder\portfolio\overcooked2\overcooked2\client\default\x64\release\recipe_manager.obj
d:\personal_folder\portfolio\overcooked2\overcooked2\client\default\x64\release\recipe.obj
d:\personal_folder\portfolio\overcooked2\overcooked2\client\default\x64\release\prop.obj
d:\personal_folder\portfolio\overcooked2\overcooked2\client\default\x64\release\part_plate_wash.obj
d:\personal_folder\portfolio\overcooked2\overcooked2\client\default\x64\release\plate_return.obj
d:\personal_folder\portfolio\overcooked2\overcooked2\client\default\x64\release\plated_ingredient.obj
d:\personal_folder\portfolio\overcooked2\overcooked2\client\default\x64\release\plate.obj
d:\personal_folder\portfolio\overcooked2\overcooked2\client\default\x64\release\pass.obj
d:\personal_folder\portfolio\overcooked2\overcooked2\client\default\x64\release\ui_common_title.obj
d:\personal_folder\portfolio\overcooked2\overcooked2\client\default\x64\release\ui_common_bg.obj
d:\personal_folder\portfolio\overcooked2\overcooked2\client\default\x64\release\ui_score.obj
d:\personal_folder\portfolio\overcooked2\overcooked2\client\default\x64\release\ui_result_empty_star.obj
d:\personal_folder\portfolio\overcooked2\overcooked2\client\default\x64\release\ui_bill.obj
d:\personal_folder\portfolio\overcooked2\overcooked2\client\default\x64\release\ui_recipe_method.obj
d:\personal_folder\portfolio\overcooked2\overcooked2\client\default\x64\release\ui_recipe_ingredient.obj
d:\personal_folder\portfolio\overcooked2\overcooked2\client\default\x64\release\ui_recipe.obj
d:\personal_folder\portfolio\overcooked2\overcooked2\client\default\x64\release\ui_order_manager.obj
d:\personal_folder\portfolio\overcooked2\overcooked2\client\default\x64\release\ui_order.obj
d:\personal_folder\portfolio\overcooked2\overcooked2\client\default\x64\release\ui_notice_font.obj
d:\personal_folder\portfolio\overcooked2\overcooked2\client\default\x64\release\ui_common_bg_pattern.obj
d:\personal_folder\portfolio\overcooked2\overcooked2\client\default\x64\release\ui_hourglass.obj
d:\personal_folder\portfolio\overcooked2\overcooked2\client\default\x64\release\ui_notice.obj
d:\personal_folder\portfolio\overcooked2\overcooked2\client\default\x64\release\ui_main_logo.obj
d:\personal_folder\portfolio\overcooked2\overcooked2\client\default\x64\release\ui_flame.obj
d:\personal_folder\portfolio\overcooked2\overcooked2\client\default\x64\release\ui_exit.obj
d:\personal_folder\portfolio\overcooked2\overcooked2\client\default\x64\release\ui_dish.obj
d:\personal_folder\portfolio\overcooked2\overcooked2\client\default\x64\release\ui_curtain.obj
d:\personal_folder\portfolio\overcooked2\overcooked2\client\default\x64\release\ui_common_star.obj
d:\personal_folder\portfolio\overcooked2\overcooked2\client\default\x64\release\client.obj
d:\personal_folder\portfolio\overcooked2\overcooked2\client\default\x64\release\chef.obj
d:\personal_folder\portfolio\overcooked2\overcooked2\client\default\x64\release\waste_bin.obj
d:\personal_folder\portfolio\overcooked2\overcooked2\client\default\x64\release\ui_transition.obj
d:\personal_folder\portfolio\overcooked2\overcooked2\client\default\x64\release\ui_tip.obj
d:\personal_folder\portfolio\overcooked2\overcooked2\client\default\x64\release\ui_timer_banner.obj
d:\personal_folder\portfolio\overcooked2\overcooked2\client\default\x64\release\ui_timer.obj
d:\personal_folder\portfolio\overcooked2\overcooked2\client\default\x64\release\ui_stage_select_title.obj
d:\personal_folder\portfolio\overcooked2\overcooked2\client\default\x64\release\ui_stage_select_preview.obj
d:\personal_folder\portfolio\overcooked2\overcooked2\client\default\x64\release\ui_stage_select_bg.obj
d:\personal_folder\portfolio\overcooked2\overcooked2\client\default\x64\release\ui_stage_select_header.obj
d:\personal_folder\portfolio\overcooked2\overcooked2\client\default\x64\release\ui_stage_preview.obj
d:\personal_folder\portfolio\overcooked2\overcooked2\client\default\x64\release\ui_common_strip.obj
d:\personal_folder\portfolio\overcooked2\overcooked2\client\default\x64\release\ui_stage_loadingbar_gauge.obj
d:\personal_folder\portfolio\overcooked2\overcooked2\client\default\x64\release\ui_stage_loadingbar.obj
d:\personal_folder\portfolio\overcooked2\overcooked2\client\default\x64\release\ui_stage_level_board.obj
d:\personal_folder\portfolio\overcooked2\overcooked2\client\default\x64\release\ui_stage_select_manager.obj
d:\personal_folder\portfolio\overcooked2\overcooked2\client\default\x64\release\ui_select_stage.obj
d:\personal_folder\portfolio\overcooked2\overcooked2\client\bin\shader_vtxanimmodel.cso
d:\personal_folder\portfolio\overcooked2\overcooked2\client\bin\shader_vtxinstance_point.cso
d:\personal_folder\portfolio\overcooked2\overcooked2\client\bin\shader_vtxinstance_rect.cso
d:\personal_folder\portfolio\overcooked2\overcooked2\client\bin\shader_vtxmodel.cso
d:\personal_folder\portfolio\overcooked2\overcooked2\client\bin\shader_vtxnortex.cso
d:\personal_folder\portfolio\overcooked2\overcooked2\client\bin\shader_vtxpostex.cso
d:\personal_folder\portfolio\overcooked2\overcooked2\client\bin\client.exe
d:\personal_folder\portfolio\overcooked2\overcooked2\client\bin\client.pdb
d:\personal_folder\portfolio\overcooked2\overcooked2\client\default\x64\release\client.res
d:\personal_folder\portfolio\overcooked2\overcooked2\client\default\x64\release\client.ipdb
d:\personal_folder\portfolio\overcooked2\overcooked2\client\default\x64\release\client.iobj
d:\personal_folder\portfolio\overcooked2\overcooked2\client\default\x64\release\client.tlog\cl.command.1.tlog
d:\personal_folder\portfolio\overcooked2\overcooked2\client\default\x64\release\client.tlog\cl.items.tlog
d:\personal_folder\portfolio\overcooked2\overcooked2\client\default\x64\release\client.tlog\cl.read.1.tlog
d:\personal_folder\portfolio\overcooked2\overcooked2\client\default\x64\release\client.tlog\cl.write.1.tlog
d:\personal_folder\portfolio\overcooked2\overcooked2\client\default\x64\release\client.tlog\fxc.command.1.tlog
d:\personal_folder\portfolio\overcooked2\overcooked2\client\default\x64\release\client.tlog\fxc.read.1.tlog
d:\personal_folder\portfolio\overcooked2\overcooked2\client\default\x64\release\client.tlog\fxc.write.1.tlog
d:\personal_folder\portfolio\overcooked2\overcooked2\client\default\x64\release\client.tlog\link.command.1.tlog
d:\personal_folder\portfolio\overcooked2\overcooked2\client\default\x64\release\client.tlog\link.read.1.tlog
d:\personal_folder\portfolio\overcooked2\overcooked2\client\default\x64\release\client.tlog\link.secondary.1.tlog
d:\personal_folder\portfolio\overcooked2\overcooked2\client\default\x64\release\client.tlog\link.write.1.tlog
d:\personal_folder\portfolio\overcooked2\overcooked2\client\default\x64\release\client.tlog\rc.command.1.tlog
d:\personal_folder\portfolio\overcooked2\overcooked2\client\default\x64\release\client.tlog\rc.read.1.tlog
d:\personal_folder\portfolio\overcooked2\overcooked2\client\default\x64\release\client.tlog\rc.write.1.tlog
